// Jest Snapshot v1, https://goo.gl/fbAQLP

exports[`Dog component renders a Dog 1`] = `
<dl>
  <dt>
    Name
  </dt>
  <dd>
    Jimmy
  </dd>
  <dt>
    Age
  </dt>
  <dd>
    1
  </dd>
  <dt>
    Weight
  </dt>
  <dd>
    100 lbs
  </dd>
</dl>
`;
